// Jest Snapshot v1, https://goo.gl/fbAQLP

exports[`service repository can be build 1`] = `Object {}`;
